格點 195 個工作單位（975 個 run），已完成 0，待跑 195
[  1/195] ok  top30  y2013 seed43   179s  剩餘約 577 分
[  2/195] ok  top30  y2013 seed45   179s  剩餘約 288 分
[  3/195] ok  top30  y2013 seed44   180s  剩餘約 192 分
[  4/195] ok  top30  y2013 seed41   181s  剩餘約 144 分
[  5/195] ok  top30  y2013 seed42   181s  剩餘約 115 分
[  6/195] ok  top30  y2014 seed41   181s  剩餘約 95 分
[  7/195] ok  top30  y2014 seed42   183s  剩餘約 162 分
[  8/195] ok  top30  y2014 seed43   182s  剩餘約 141 分
[  9/195] ok  top30  y2014 seed44   183s  剩餘約 125 分
[ 10/195] ok  top30  y2015 seed41   182s  剩餘約 112 分
[ 11/195] ok  top30  y2015 seed42   182s  剩餘約 101 分
[ 12/195] ok  top30  y2014 seed45   182s  剩餘約 92 分
[ 13/195] ok  top30  y2016 seed43   181s  剩餘約 127 分
[ 14/195] ok  top30  y2016 seed41   182s  剩餘約 117 分
[ 15/195] ok  top30  y2016 seed42   183s  剩餘約 109 分
[ 16/195] ok  top30  y2015 seed43   185s  剩餘約 102 分
[ 17/195] ok  top30  y2015 seed45   183s  剩餘約 95 分
[ 18/195] ok  top30  y2015 seed44   185s  剩餘約 89 分
[ 19/195] ok  top30  y2016 seed45   181s  剩餘約 112 分
[ 20/195] ok  top30  y2017 seed41   180s  剩餘約 106 分
[ 21/195] ok  top30  y2017 seed42   180s  剩餘約 100 分
[ 22/195] ok  top30  y2016 seed44   182s  剩餘約 95 分
[ 23/195] ok  top30  y2017 seed43   181s  剩餘約 91 分
[ 24/195] ok  top30  y2017 seed44   181s  剩餘約 86 分
[ 25/195] ok  top30  y2017 seed45   183s  剩餘約 103 分
[ 26/195] ok  top30  y2018 seed45   184s  剩餘約 99 分
[ 27/195] ok  top30  y2018 seed42   185s  剩餘約 94 分
[ 28/195] ok  top30  y2018 seed44   184s  剩餘約 91 分
[ 29/195] ok  top30  y2018 seed41   185s  剩餘約 87 分
[ 30/195] ok  top30  y2018 seed43   185s  剩餘約 84 分
[ 31/195] ok  top30  y2019 seed41   188s  剩餘約 97 分
[ 32/195] ok  top30  y2019 seed42   188s  剩餘約 93 分
[ 33/195] ok  top30  y2019 seed45   189s  剩餘約 90 分
[ 34/195] ok  top30  y2019 seed44   190s  剩餘約 87 分
[ 35/195] ok  top30  y2020 seed41   189s  剩餘約 84 分
[ 36/195] ok  top30  y2019 seed43   190s  剩餘約 81 分
[ 37/195] ok  top30  y2020 seed42   187s  剩餘約 91 分
[ 38/195] ok  top30  y2020 seed43   188s  剩餘約 89 分
[ 39/195] ok  top30  y2021 seed42   187s  剩餘約 86 分
[ 40/195] ok  top30  y2021 seed41   188s  剩餘約 83 分
[ 41/195] ok  top30  y2020 seed45   189s  剩餘約 81 分
[ 42/195] ok  top30  y2020 seed44   189s  剩餘約 78 分
[ 43/195] ok  top30  y2021 seed43   185s  剩餘約 86 分
[ 44/195] ok  top30  y2022 seed43   184s  剩餘約 84 分
[ 45/195] ok  top30  y2021 seed44   187s  剩餘約 82 分
[ 46/195] ok  top30  y2022 seed41   185s  剩餘約 80 分
[ 47/195] ok  top30  y2022 seed42   185s  剩餘約 77 分
[ 48/195] ok  top30  y2021 seed45   186s  剩餘約 75 分
[ 49/195] ok  top30  y2022 seed44   183s  剩餘約 82 分
[ 50/195] ok  top30  y2022 seed45   185s  剩餘約 80 分
[ 51/195] ok  top30  y2023 seed41   185s  剩餘約 78 分
[ 52/195] ok  top30  y2023 seed42   186s  剩餘約 76 分
[ 53/195] ok  top30  y2023 seed43   187s  剩餘約 74 分
[ 54/195] ok  top30  y2023 seed44   186s  剩餘約 72 分
[ 55/195] ok  top30  y2023 seed45   185s  剩餘約 78 分
[ 56/195] ok  top30  y2024 seed42   191s  剩餘約 77 分
[ 57/195] ok  top30  y2024 seed41   192s  剩餘約 75 分
[ 58/195] ok  top30  y2024 seed45   190s  剩餘約 73 分
[ 59/195] ok  top30  y2024 seed43   191s  剩餘約 71 分
[ 60/195] ok  top30  y2024 seed44   191s  剩餘約 69 分
[ 61/195] ok  top30  y2025 seed41   184s  剩餘約 74 分
[ 62/195] ok  top100 y2013 seed41   182s  剩餘約 73 分
[ 63/195] ok  top30  y2025 seed43   193s  剩餘約 71 分
[ 64/195] ok  top30  y2025 seed42   194s  剩餘約 70 分
[ 65/195] ok  top30  y2025 seed45   193s  剩餘約 68 分
[ 66/195] ok  top30  y2025 seed44   193s  剩餘約 67 分
[ 67/195] ok  top100 y2013 seed42   154s  剩餘約 69 分
[ 68/195] ok  top100 y2013 seed43   162s  剩餘約 68 分
[ 69/195] ok  top100 y2013 seed44   172s  剩餘約 67 分
[ 70/195] ok  top100 y2013 seed45   174s  剩餘約 66 分
[ 71/195] ok  top100 y2014 seed41   175s  剩餘約 65 分
[ 72/195] ok  top100 y2014 seed42   176s  剩餘約 63 分
[ 73/195] ok  top100 y2014 seed43   135s  剩餘約 64 分
[ 74/195] ok  top100 y2014 seed44   163s  剩餘約 64 分
[ 75/195] ok  top100 y2014 seed45   179s  剩餘約 64 分
[ 76/195] ok  top100 y2015 seed41   181s  剩餘約 63 分
[ 77/195] ok  top100 y2015 seed42   181s  剩餘約 61 分
[ 78/195] ok  top100 y2015 seed43   181s  剩餘約 60 分
[ 79/195] ok  top100 y2015 seed44   136s  剩餘約 60 分
[ 80/195] ok  top100 y2015 seed45   137s  剩餘約 60 分
[ 81/195] ok  top100 y2016 seed41   182s  剩餘約 60 分
[ 82/195] ok  top100 y2016 seed42   183s  剩餘約 59 分
[ 83/195] ok  top100 y2016 seed43   182s  剩餘約 58 分
[ 84/195] ok  top100 y2016 seed44   182s  剩餘約 57 分
[ 85/195] ok  top100 y2016 seed45   156s  剩餘約 56 分
[ 86/195] ok  top100 y2017 seed41   129s  剩餘約 55 分
[ 87/195] ok  top100 y2017 seed42   188s  剩餘約 57 分
[ 88/195] ok  top100 y2017 seed43   184s  剩餘約 56 分
[ 89/195] ok  top100 y2017 seed44   186s  剩餘約 55 分
[ 90/195] ok  top100 y2017 seed45   187s  剩餘約 54 分
[ 91/195] ok  top100 y2018 seed41   177s  剩餘約 53 分
[ 92/195] ok  top100 y2018 seed42   163s  剩餘約 52 分
[ 93/195] ok  top100 y2018 seed43   194s  剩餘約 54 分
[ 94/195] ok  top100 y2018 seed44   195s  剩餘約 53 分
[ 95/195] ok  top100 y2018 seed45   194s  剩餘約 52 分
[ 96/195] ok  top100 y2019 seed41   196s  剩餘約 51 分
[ 97/195] ok  top100 y2019 seed42   190s  剩餘約 50 分
[ 98/195] ok  top100 y2019 seed43   184s  剩餘約 49 分
[ 99/195] ok  top100 y2019 seed44   199s  剩餘約 51 分
[100/195] ok  top100 y2020 seed41   199s  剩餘約 50 分
[101/195] ok  top100 y2019 seed45   202s  剩餘約 49 分
[102/195] ok  top100 y2020 seed42   199s  剩餘約 48 分
[103/195] ok  top100 y2020 seed43   196s  剩餘約 47 分
[104/195] ok  top100 y2020 seed44   193s  剩餘約 46 分
[105/195] ok  top100 y2021 seed41   197s  剩餘約 48 分
[106/195] ok  top100 y2020 seed45   200s  剩餘約 47 分
[107/195] ok  top100 y2021 seed42   197s  剩餘約 46 分
[108/195] ok  top100 y2021 seed43   195s  剩餘約 45 分
[109/195] ok  top100 y2021 seed45   194s  剩餘約 44 分
[110/195] ok  top100 y2021 seed44   194s  剩餘約 43 分
[111/195] ok  top100 y2022 seed41   198s  剩餘約 45 分
[112/195] ok  top100 y2022 seed42   199s  剩餘約 44 分
[113/195] ok  top100 y2022 seed43   198s  剩餘約 43 分
[114/195] ok  top100 y2023 seed41   197s  剩餘約 42 分
[115/195] ok  top100 y2022 seed45   197s  剩餘約 41 分
[116/195] ok  top100 y2022 seed44   198s  剩餘約 40 分
[117/195] ok  top100 y2023 seed42   410s  剩餘約 44 分
[118/195] ok  top100 y2023 seed43   413s  剩餘約 43 分
[119/195] ok  top100 y2023 seed44   413s  剩餘約 42 分
[120/195] ok  top100 y2023 seed45   413s  剩餘約 41 分
[121/195] ok  top100 y2024 seed41   416s  剩餘約 40 分
[122/195] ok  top100 y2024 seed42   416s  剩餘約 40 分
[123/195] ok  top100 y2024 seed43   655s  剩餘約 45 分
[124/195] ok  top100 y2024 seed45   652s  剩餘約 44 分
[125/195] ok  top100 y2024 seed44   652s  剩餘約 43 分
[126/195] ok  top100 y2025 seed41   651s  剩餘約 42 分
[127/195] ok  top100 y2025 seed43   649s  剩餘約 41 分
[128/195] ok  top100 y2025 seed42   649s  剩餘約 40 分
[129/195] ok  top100 y2025 seed44   349s  剩餘約 42 分
[130/195] ok  top100 y2025 seed45   349s  剩餘約 41 分
[131/195] ok  top500 y2013 seed41   756s  剩餘約 44 分
[132/195] ok  top500 y2013 seed43   766s  剩餘約 43 分
[133/195] ok  top500 y2013 seed42   777s  剩餘約 42 分
[134/195] ok  top500 y2013 seed44   790s  剩餘約 41 分
[135/195] ok  top500 y2014 seed41   655s  剩餘約 42 分
[136/195] ok  top500 y2013 seed45   693s  剩餘約 41 分
[137/195] ok  top500 y2014 seed42   742s  剩餘約 43 分
[138/195] ok  top500 y2014 seed43   744s  剩餘約 42 分
[139/195] ok  top500 y2014 seed44   741s  剩餘約 41 分
[140/195] ok  top500 y2014 seed45   740s  剩餘約 40 分
[141/195] ok  top500 y2015 seed41   828s  剩餘約 41 分
[142/195] ok  top500 y2015 seed42   808s  剩餘約 40 分
[143/195] ok  top500 y2016 seed41   737s  剩餘約 42 分
[144/195] ok  top500 y2015 seed43   795s  剩餘約 41 分
[145/195] ok  top500 y2015 seed44   789s  剩餘約 40 分
[146/195] ok  top500 y2015 seed45   783s  剩餘約 39 分
[147/195] ok  top500 y2016 seed43   559s  剩餘約 38 分
[148/195] ok  top500 y2016 seed42   599s  剩餘約 37 分
[149/195] ok  top500 y2017 seed41   749s  剩餘約 39 分
[150/195] ok  top500 y2016 seed45   804s  剩餘約 39 分
[151/195] ok  top500 y2016 seed44   831s  剩餘約 37 分
[152/195] ok  top500 y2017 seed42   835s  剩餘約 37 分
[153/195] ok  top500 y2017 seed43   827s  剩餘約 36 分
[154/195] ok  top500 y2017 seed44   825s  剩餘約 35 分
[155/195] ok  top500 y2017 seed45   636s  剩餘約 36 分
[156/195] ok  top500 y2018 seed41   599s  剩餘約 35 分
[157/195] ok  top500 y2018 seed42   678s  剩餘約 34 分
[158/195] ok  top500 y2018 seed43   668s  剩餘約 33 分
[159/195] ok  top500 y2018 seed44   677s  剩餘約 32 分
[160/195] ok  top500 y2018 seed45   674s  剩餘約 31 分
[161/195] ok  top500 y2019 seed41   667s  剩餘約 32 分
[162/195] ok  top500 y2019 seed42   686s  剩餘約 31 分
[163/195] ok  top500 y2019 seed43   684s  剩餘約 30 分
[164/195] ok  top500 y2019 seed44   696s  剩餘約 29 分
[165/195] ok  top500 y2019 seed45   719s  剩餘約 28 分
[166/195] ok  top500 y2020 seed41   706s  剩餘約 27 分
[167/195] ok  top500 y2020 seed42   690s  剩餘約 27 分
[168/195] ok  top500 y2020 seed43   682s  剩餘約 26 分
[169/195] ok  top500 y2020 seed44   686s  剩餘約 25 分
[170/195] ok  top500 y2020 seed45   688s  剩餘約 24 分
[171/195] ok  top500 y2021 seed41   712s  剩餘約 23 分
[172/195] ok  top500 y2021 seed42   717s  剩餘約 22 分
[173/195] ok  top500 y2021 seed43   684s  剩餘約 22 分
[174/195] ok  top500 y2021 seed44   682s  剩餘約 21 分
[175/195] ok  top500 y2021 seed45   664s  剩餘約 20 分
[176/195] ok  top500 y2022 seed41   696s  剩餘約 19 分
[177/195] ok  top500 y2022 seed43   677s  剩餘約 18 分
[178/195] ok  top500 y2022 seed42   688s  剩餘約 17 分
[179/195] ok  top500 y2022 seed44   651s  剩餘約 16 分
[180/195] ok  top500 y2022 seed45   669s  剩餘約 15 分
[181/195] ok  top500 y2023 seed41   695s  剩餘約 14 分
[182/195] ok  top500 y2023 seed42   686s  剩餘約 13 分
[183/195] ok  top500 y2023 seed43   668s  剩餘約 12 分
[184/195] ok  top500 y2023 seed44   699s  剩餘約 11 分
[185/195] ok  top500 y2024 seed41   708s  剩餘約 11 分
[186/195] ok  top500 y2023 seed45   752s  剩餘約 9 分
[187/195] ok  top500 y2024 seed42   668s  剩餘約 8 分
[188/195] ok  top500 y2024 seed43   690s  剩餘約 7 分
[189/195] ok  top500 y2024 seed44   663s  剩餘約 6 分
[190/195] ok  top500 y2024 seed45   667s  剩餘約 5 分
[191/195] ok  top500 y2025 seed42   629s  剩餘約 4 分
[192/195] ok  top500 y2025 seed41   640s  剩餘約 3 分
[193/195] ok  top500 y2025 seed43   621s  剩餘約 2 分
[194/195] ok  top500 y2025 seed44   578s  剩餘約 1 分
[195/195] ok  top500 y2025 seed45   503s  剩餘約 0 分

總耗時 208.1 分，單位平均 380s
全部 195 個工作單位完成。
